[backblue.gif]
[fade.gif]
[index.html]
[www.stanford.edu/class/cs97si/01-introduction.pdf]
[www.stanford.edu/class/cs97si/02-mathematics.pdf]
[www.stanford.edu/class/cs97si/03-data-structures.pdf]
[www.stanford.edu/class/cs97si/04-dynamic-programming.pdf]
[www.stanford.edu/class/cs97si/05-combinatorial-games.pdf]
[www.stanford.edu/class/cs97si/06-basic-graph-algorithms.pdf]
[www.stanford.edu/class/cs97si/07-shortest-path-algorithms.pdf]
[www.stanford.edu/class/cs97si/08-network-flow-problems.pdf]
[www.stanford.edu/class/cs97si/09-computational-geometry.pdf]
[www.stanford.edu/class/cs97si/10-string-algorithms.pdf]
[www.stanford.edu/class/cs97si/suffix-array.pdf]
[www.stanford.edu/class/cs97si/eqs/2998877186467778748-130.png]
[www.stanford.edu/class/cs97si/index.html]
[www.stanford.edu/class/cs97si/jemdoc.css]
[www.stanford.edu/class/cs97si/assn1.html]
[www.stanford.edu/class/cs97si/eqs/4242496602926243439-130.png]
[www.stanford.edu/class/cs97si/assn2.html]
[www.stanford.edu/class/cs97si/assn3.html]
[www.stanford.edu/class/cs97si/eqs/13952041964-130.png]
[www.stanford.edu/class/cs97si/assn4.html]
[www.stanford.edu/class/cs97si/assn5.html]
[www.stanford.edu/class/cs97si/assn6.html]
[www.stanford.edu/class/cs97si/assn7.html]
[www.stanford.edu/class/cs97si/assn8.html]
[www.stanford.edu/class/cs97si/assn9.html]
[www.stanford.edu/class/cs97si/assn10.html]
